[------------------------------------------------------------- Benchmarking SPMM strategies -------------------------------------------------------------]
                                                                    |  builtin_sparse_mm  |  builtin_sparse_mm_extension  |  openmp_sparse_mm  |  dense_mm
1 threads: -----------------------------------------------------------------------------------------------------------------------------------------------
      [   50,    50, density= 0.10], [   50,    50, density= 0.10]  |          15.3       |               43.5            |         62.2       |     13.4 
      [   50,    50, density= 0.10], [   50,    50, density= 0.50]  |          33.7       |               83.7            |         83.5       |     16.7 
      [   50,    50, density= 0.10], [   50,    50, density= 0.90]  |          31.1       |               63.5            |         83.5       |     20.3 
      [   50,    50, density= 0.50], [   50,    50, density= 0.10]  |          87.1       |              178.3            |        141.7       |     40.0 
      [   50,    50, density= 0.50], [   50,    50, density= 0.50]  |         117.7       |              209.9            |         93.2       |     20.3 
      [   50,    50, density= 0.50], [   50,    50, density= 0.90]  |         165.9       |              200.8            |        141.7       |     49.0 
      [   50,    50, density= 0.90], [   50,    50, density= 0.10]  |          35.4       |               78.3            |         84.5       |     20.3 
      [   50,    50, density= 0.90], [   50,    50, density= 0.50]  |          92.5       |              104.6            |         85.3       |     23.7 
      [   50,    50, density= 0.90], [   50,    50, density= 0.90]  |         133.8       |              434.0            |         85.0       |     26.7 
      [  100,   100, density= 0.10], [  100,   100, density= 0.10]  |         101.9       |              215.1            |        160.9       |     35.8 
      [  100,   100, density= 0.10], [  100,   100, density= 0.50]  |         162.0       |              342.0            |        212.0       |     47.9 
      [  100,   100, density= 0.10], [  100,   100, density= 0.90]  |         136.7       |              241.9            |        193.8       |     63.2 
      [  100,   100, density= 0.50], [  100,   100, density= 0.10]  |         260.5       |              438.2            |        249.2       |     47.5 
      [  100,   100, density= 0.50], [  100,   100, density= 0.50]  |         370.9       |              497.1            |        267.3       |     61.7 
      [  100,   100, density= 0.50], [  100,   100, density= 0.90]  |         496.1       |              527.3            |        205.6       |     70.6 
      [  100,   100, density= 0.90], [  100,   100, density= 0.10]  |         188.7       |              631.6            |        254.4       |    118.6 
      [  100,   100, density= 0.90], [  100,   100, density= 0.50]  |        1066.8       |              624.4            |        306.1       |    135.2 
      [  100,   100, density= 0.90], [  100,   100, density= 0.90]  |        1778.0       |              792.1            |        299.1       |    153.6 
      [  150,   150, density= 0.10], [  150,   150, density= 0.10]  |         276.2       |              890.1            |       1095.0       |     71.9 
      [  150,   150, density= 0.10], [  150,   150, density= 0.50]  |         607.6       |              801.8            |        537.0       |    113.0 
      [  150,   150, density= 0.10], [  150,   150, density= 0.90]  |         760.7       |              927.5            |        525.5       |    117.1 
      [  150,   150, density= 0.50], [  150,   150, density= 0.10]  |         830.9       |             1101.8            |        594.5       |    235.2 
      [  150,   150, density= 0.50], [  150,   150, density= 0.50]  |        1052.9       |             1370.2            |        535.8       |    120.3 
      [  150,   150, density= 0.50], [  150,   150, density= 0.90]  |        3165.9       |             1381.7            |        472.2       |    380.9 
      [  150,   150, density= 0.90], [  150,   150, density= 0.10]  |         589.3       |             1037.0            |        589.3       |    146.7 
      [  150,   150, density= 0.90], [  150,   150, density= 0.50]  |        3279.7       |             1590.6            |        468.4       |    141.4 
      [  150,   150, density= 0.90], [  150,   150, density= 0.90]  |        2778.7       |             2298.1            |        467.4       |    158.1 
      [  200,   200, density= 0.10], [  200,   200, density= 0.10]  |         598.9       |             1283.6            |        969.3       |    140.1 
      [  200,   200, density= 0.10], [  200,   200, density= 0.50]  |         803.3       |             1422.2            |        988.4       |    175.8 
      [  200,   200, density= 0.10], [  200,   200, density= 0.90]  |        1685.0       |             1181.6            |        746.3       |    223.4 
      [  200,   200, density= 0.50], [  200,   200, density= 0.10]  |        1212.6       |             1955.5            |       1142.2       |    183.1 
      [  200,   200, density= 0.50], [  200,   200, density= 0.50]  |        2184.5       |             2597.4            |        964.8       |    222.0 
      [  200,   200, density= 0.50], [  200,   200, density= 0.90]  |        3142.5       |             3178.4            |        788.4       |    270.2 
      [  200,   200, density= 0.90], [  200,   200, density= 0.10]  |        1278.5       |             2032.2            |       1158.1       |    215.7 
      [  200,   200, density= 0.90], [  200,   200, density= 0.50]  |        3609.8       |             3519.8            |        824.7       |    262.4 
      [  200,   200, density= 0.90], [  200,   200, density= 0.90]  |        5460.0       |             4948.5            |        779.1       |    295.6 
      [  250,   250, density= 0.10], [  250,   250, density= 0.10]  |         999.7       |             2068.0            |       1609.9       |    259.1 
      [  250,   250, density= 0.10], [  250,   250, density= 0.50]  |        1369.4       |             2362.4            |       1591.5       |    317.6 
      [  250,   250, density= 0.10], [  250,   250, density= 0.90]  |        1541.6       |             1962.2            |       1223.7       |    378.3 
      [  250,   250, density= 0.50], [  250,   250, density= 0.10]  |        2012.4       |             3147.5            |       1931.8       |    319.5 
      [  250,   250, density= 0.50], [  250,   250, density= 0.50]  |        3888.0       |             4516.9            |       1697.1       |    414.9 
      [  250,   250, density= 0.50], [  250,   250, density= 0.90]  |        5796.4       |             5537.6            |       1140.2       |    437.3 
      [  250,   250, density= 0.90], [  250,   250, density= 0.10]  |        2376.6       |             3529.8            |       1815.5       |    380.6 
      [  250,   250, density= 0.90], [  250,   250, density= 0.50]  |        6390.1       |             6261.6            |       1371.9       |    436.2 
      [  250,   250, density= 0.90], [  250,   250, density= 0.90]  |       10269.2       |             9155.0            |       1241.6       |    494.8 
      [  300,   300, density= 0.10], [  300,   300, density= 0.10]  |        1547.9       |             3277.0            |       2437.4       |    429.5 
      [  300,   300, density= 0.10], [  300,   300, density= 0.50]  |        2244.9       |             3474.0            |       2218.0       |    513.8 
      [  300,   300, density= 0.10], [  300,   300, density= 0.90]  |        2644.7       |             3057.1            |       1639.3       |    615.4 
      [  300,   300, density= 0.50], [  300,   300, density= 0.10]  |        2918.7       |             4643.1            |       2827.6       |    517.9 
      [  300,   300, density= 0.50], [  300,   300, density= 0.50]  |        6433.1       |             7193.6            |       2372.8       |    622.7 
      [  300,   300, density= 0.50], [  300,   300, density= 0.90]  |       10066.4       |             9362.1            |       1906.6       |    688.1 
      [  300,   300, density= 0.90], [  300,   300, density= 0.10]  |        3909.2       |             5689.1            |       2718.2       |   1145.7 
      [  300,   300, density= 0.90], [  300,   300, density= 0.50]  |       10623.4       |            10297.8            |       2120.3       |    716.2 
      [  300,   300, density= 0.90], [  300,   300, density= 0.90]  |       17494.2       |            15558.5            |       2153.8       |    771.5 
      [  350,   350, density= 0.10], [  350,   350, density= 0.10]  |        2260.8       |             4541.1            |       3656.4       |    669.3 
      [  350,   350, density= 0.10], [  350,   350, density= 0.50]  |        3189.1       |             4906.8            |       3225.8       |    789.1 
      [  350,   350, density= 0.10], [  350,   350, density= 0.90]  |        3677.8       |             4566.4            |       2406.8       |    902.9 
      [  350,   350, density= 0.50], [  350,   350, density= 0.10]  |        4126.7       |             6502.1            |       3913.5       |    783.2 
      [  350,   350, density= 0.50], [  350,   350, density= 0.50]  |       10120.1       |            11022.1            |       3354.7       |    927.0 
      [  350,   350, density= 0.50], [  350,   350, density= 0.90]  |       15389.3       |            14314.6            |       2460.8       |   1031.7 
      [  350,   350, density= 0.90], [  350,   350, density= 0.10]  |        5587.9       |             7854.1            |       3699.1       |    903.6 
      [  350,   350, density= 0.90], [  350,   350, density= 0.50]  |       16233.8       |            15510.3            |       2629.0       |   1022.6 
      [  350,   350, density= 0.90], [  350,   350, density= 0.90]  |       27082.2       |            23836.0            |       3224.1       |   1134.3 
      [  400,   400, density= 0.10], [  400,   400, density= 0.10]  |        3002.0       |             6237.2            |       4627.7       |    969.0 
      [  400,   400, density= 0.10], [  400,   400, density= 0.50]  |        4412.7       |             6693.3            |       4222.8       |   1091.7 
      [  400,   400, density= 0.10], [  400,   400, density= 0.90]  |        5125.8       |             6393.0            |       3223.3       |   1258.9 
      [  400,   400, density= 0.50], [  400,   400, density= 0.10]  |        5878.3       |             8963.1            |       4886.0       |   1094.7 
      [  400,   400, density= 0.50], [  400,   400, density= 0.50]  |       14194.4       |            15395.5            |       4663.1       |   1239.6 
      [  400,   400, density= 0.50], [  400,   400, density= 0.90]  |       22831.9       |            21058.8            |       3587.0       |   1390.2 
      [  400,   400, density= 0.90], [  400,   400, density= 0.10]  |        7685.0       |            10602.8            |       4875.2       |   1266.1 
      [  400,   400, density= 0.90], [  400,   400, density= 0.50]  |       23865.7       |            22766.1            |       3834.8       |   1420.5 
      [  400,   400, density= 0.90], [  400,   400, density= 0.90]  |       40068.1       |            35132.6            |       4392.5       |   1554.7 
      [  450,   450, density= 0.10], [  450,   450, density= 0.10]  |        4050.9       |             7986.1            |       5999.3       |   1340.4 
      [  450,   450, density= 0.10], [  450,   450, density= 0.50]  |        5687.4       |             8684.8            |       5399.4       |   1546.1 
      [  450,   450, density= 0.10], [  450,   450, density= 0.90]  |        7201.0       |             8800.9            |       4131.7       |   1736.8 
      [  450,   450, density= 0.50], [  450,   450, density= 0.10]  |        7955.8       |            11575.1            |       6582.6       |   1550.2 
      [  450,   450, density= 0.50], [  450,   450, density= 0.50]  |       19705.0       |            20936.0            |       6057.9       |   1778.9 
      [  450,   450, density= 0.50], [  450,   450, density= 0.90]  |       32306.1       |            29490.8            |       4840.5       |   1937.3 
      [  450,   450, density= 0.90], [  450,   450, density= 0.10]  |       10533.2       |            14227.6            |       6677.0       |   1762.7 
      [  450,   450, density= 0.90], [  450,   450, density= 0.50]  |       33147.9       |            31306.0            |       5036.3       |   1934.7 
      [  450,   450, density= 0.90], [  450,   450, density= 0.90]  |       56666.7       |            49627.1            |       6123.3       |   2137.6 
      [  500,   500, density= 0.10], [  500,   500, density= 0.10]  |        4694.4       |             9912.1            |       7395.4       |   1791.6 
      [  500,   500, density= 0.10], [  500,   500, density= 0.50]  |        7667.2       |            11461.4            |       6742.7       |   2041.4 
      [  500,   500, density= 0.10], [  500,   500, density= 0.90]  |        9873.0       |            11933.3            |       5246.5       |   2253.2 
      [  500,   500, density= 0.50], [  500,   500, density= 0.10]  |        9955.6       |            14591.0            |       7701.2       |   2043.2 
      [  500,   500, density= 0.50], [  500,   500, density= 0.50]  |       26951.2       |            28385.2            |       7823.0       |   2272.1 
      [  500,   500, density= 0.50], [  500,   500, density= 0.90]  |       44216.0       |            40793.5            |       6559.1       |   2504.6 
      [  500,   500, density= 0.90], [  500,   500, density= 0.10]  |       13598.8       |            18647.3            |       8242.0       |   2258.1 
      [  500,   500, density= 0.90], [  500,   500, density= 0.50]  |       45968.4       |            42875.0            |       6833.5       |   2541.8 
      [  500,   500, density= 0.90], [  500,   500, density= 0.90]  |       77505.7       |            67197.2            |       8353.9       |   2891.3 

Times are in microseconds (us).

